Release 14.7 - xst P.20131013 (nt64)
Copyright (c) 1995-2013 Xilinx, Inc.  All rights reserved.
--> Parameter TMPDIR set to xst/projnav.tmp


Total REAL time to Xst completion: 0.00 secs
Total CPU time to Xst completion: 0.30 secs
 
--> Parameter xsthdpdir set to xst


Total REAL time to Xst completion: 0.00 secs
Total CPU time to Xst completion: 0.30 secs
 
--> Reading design: RegFile32.prj

TABLE OF CONTENTS
  1) Synthesis Options Summary
  2) HDL Parsing
  3) HDL Elaboration
  4) HDL Synthesis
       4.1) HDL Synthesis Report
  5) Advanced HDL Synthesis
       5.1) Advanced HDL Synthesis Report
  6) Low Level Synthesis
  7) Partition Report
  8) Design Summary
       8.1) Primitive and Black Box Usage
       8.2) Device utilization summary
       8.3) Partition Resource Summary
       8.4) Timing Report
            8.4.1) Clock Information
            8.4.2) Asynchronous Control Signals Information
            8.4.3) Timing Summary
            8.4.4) Timing Details
            8.4.5) Cross Clock Domains Report


=========================================================================
*                      Synthesis Options Summary                        *
=========================================================================
---- Source Parameters
Input File Name                    : "RegFile32.prj"
Ignore Synthesis Constraint File   : NO

---- Target Parameters
Output File Name                   : "RegFile32"
Output Format                      : NGC
Target Device                      : xc7a100t-3-csg324

---- Source Options
Top Module Name                    : RegFile32
Automatic FSM Extraction           : YES
FSM Encoding Algorithm             : Auto
Safe Implementation                : No
FSM Style                          : LUT
RAM Extraction                     : Yes
RAM Style                          : Auto
ROM Extraction                     : Yes
Shift Register Extraction          : YES
ROM Style                          : Auto
Resource Sharing                   : YES
Asynchronous To Synchronous        : NO
Shift Register Minimum Size        : 2
Use DSP Block                      : Auto
Automatic Register Balancing       : No

---- Target Options
LUT Combining                      : Auto
Reduce Control Sets                : Auto
Add IO Buffers                     : YES
Global Maximum Fanout              : 100000
Add Generic Clock Buffer(BUFG)     : 32
Register Duplication               : YES
Optimize Instantiated Primitives   : NO
Use Clock Enable                   : Auto
Use Synchronous Set                : Auto
Use Synchronous Reset              : Auto
Pack IO Registers into IOBs        : Auto
Equivalent register Removal        : YES

---- General Options
Optimization Goal                  : Speed
Optimization Effort                : 1
Power Reduction                    : NO
Keep Hierarchy                     : No
Netlist Hierarchy                  : As_Optimized
RTL Output                         : Yes
Global Optimization                : AllClockNets
Read Cores                         : YES
Write Timing Constraints           : NO
Cross Clock Analysis               : NO
Hierarchy Separator                : /
Bus Delimiter                      : <>
Case Specifier                     : Maintain
Slice Utilization Ratio            : 100
BRAM Utilization Ratio             : 100
DSP48 Utilization Ratio            : 100
Auto BRAM Packing                  : NO
Slice Utilization Ratio Delta      : 5

=========================================================================


=========================================================================
*                          HDL Parsing                                  *
=========================================================================
Analyzing Verilog file "C:\Xilinx\Projects\RegisterFile\RegFile32.v" into library work
Parsing module <RegFile32>.

=========================================================================
*                            HDL Elaboration                            *
=========================================================================

Elaborating module <RegFile32>.

=========================================================================
*                           HDL Synthesis                               *
=========================================================================

Synthesizing Unit <RegFile32>.
    Related source file is "C:\Xilinx\Projects\RegisterFile\RegFile32.v".
    Found 1-bit register for signal <RF<31><30>>.
    Found 1-bit register for signal <RF<31><29>>.
    Found 1-bit register for signal <RF<31><28>>.
    Found 1-bit register for signal <RF<31><27>>.
    Found 1-bit register for signal <RF<31><26>>.
    Found 1-bit register for signal <RF<31><25>>.
    Found 1-bit register for signal <RF<31><24>>.
    Found 1-bit register for signal <RF<31><23>>.
    Found 1-bit register for signal <RF<31><22>>.
    Found 1-bit register for signal <RF<31><21>>.
    Found 1-bit register for signal <RF<31><20>>.
    Found 1-bit register for signal <RF<31><19>>.
    Found 1-bit register for signal <RF<31><18>>.
    Found 1-bit register for signal <RF<31><17>>.
    Found 1-bit register for signal <RF<31><16>>.
    Found 1-bit register for signal <RF<31><15>>.
    Found 1-bit register for signal <RF<31><14>>.
    Found 1-bit register for signal <RF<31><13>>.
    Found 1-bit register for signal <RF<31><12>>.
    Found 1-bit register for signal <RF<31><11>>.
    Found 1-bit register for signal <RF<31><10>>.
    Found 1-bit register for signal <RF<31><9>>.
    Found 1-bit register for signal <RF<31><8>>.
    Found 1-bit register for signal <RF<31><7>>.
    Found 1-bit register for signal <RF<31><6>>.
    Found 1-bit register for signal <RF<31><5>>.
    Found 1-bit register for signal <RF<31><4>>.
    Found 1-bit register for signal <RF<31><3>>.
    Found 1-bit register for signal <RF<31><2>>.
    Found 1-bit register for signal <RF<31><1>>.
    Found 1-bit register for signal <RF<31><0>>.
    Found 1-bit register for signal <RF<30><31>>.
    Found 1-bit register for signal <RF<30><30>>.
    Found 1-bit register for signal <RF<30><29>>.
    Found 1-bit register for signal <RF<30><28>>.
    Found 1-bit register for signal <RF<30><27>>.
    Found 1-bit register for signal <RF<30><26>>.
    Found 1-bit register for signal <RF<30><25>>.
    Found 1-bit register for signal <RF<30><24>>.
    Found 1-bit register for signal <RF<30><23>>.
    Found 1-bit register for signal <RF<30><22>>.
    Found 1-bit register for signal <RF<30><21>>.
    Found 1-bit register for signal <RF<30><20>>.
    Found 1-bit register for signal <RF<30><19>>.
    Found 1-bit register for signal <RF<30><18>>.
    Found 1-bit register for signal <RF<30><17>>.
    Found 1-bit register for signal <RF<30><16>>.
    Found 1-bit register for signal <RF<30><15>>.
    Found 1-bit register for signal <RF<30><14>>.
    Found 1-bit register for signal <RF<30><13>>.
    Found 1-bit register for signal <RF<30><12>>.
    Found 1-bit register for signal <RF<30><11>>.
    Found 1-bit register for signal <RF<30><10>>.
    Found 1-bit register for signal <RF<30><9>>.
    Found 1-bit register for signal <RF<30><8>>.
    Found 1-bit register for signal <RF<30><7>>.
    Found 1-bit register for signal <RF<30><6>>.
    Found 1-bit register for signal <RF<30><5>>.
    Found 1-bit register for signal <RF<30><4>>.
    Found 1-bit register for signal <RF<30><3>>.
    Found 1-bit register for signal <RF<30><2>>.
    Found 1-bit register for signal <RF<30><1>>.
    Found 1-bit register for signal <RF<30><0>>.
    Found 1-bit register for signal <RF<29><31>>.
    Found 1-bit register for signal <RF<29><30>>.
    Found 1-bit register for signal <RF<29><29>>.
    Found 1-bit register for signal <RF<29><28>>.
    Found 1-bit register for signal <RF<29><27>>.
    Found 1-bit register for signal <RF<29><26>>.
    Found 1-bit register for signal <RF<29><25>>.
    Found 1-bit register for signal <RF<29><24>>.
    Found 1-bit register for signal <RF<29><23>>.
    Found 1-bit register for signal <RF<29><22>>.
    Found 1-bit register for signal <RF<29><21>>.
    Found 1-bit register for signal <RF<29><20>>.
    Found 1-bit register for signal <RF<29><19>>.
    Found 1-bit register for signal <RF<29><18>>.
    Found 1-bit register for signal <RF<29><17>>.
    Found 1-bit register for signal <RF<29><16>>.
    Found 1-bit register for signal <RF<29><15>>.
    Found 1-bit register for signal <RF<29><14>>.
    Found 1-bit register for signal <RF<29><13>>.
    Found 1-bit register for signal <RF<29><12>>.
    Found 1-bit register for signal <RF<29><11>>.
    Found 1-bit register for signal <RF<29><10>>.
    Found 1-bit register for signal <RF<29><9>>.
    Found 1-bit register for signal <RF<29><8>>.
    Found 1-bit register for signal <RF<29><7>>.
    Found 1-bit register for signal <RF<29><6>>.
    Found 1-bit register for signal <RF<29><5>>.
    Found 1-bit register for signal <RF<29><4>>.
    Found 1-bit register for signal <RF<29><3>>.
    Found 1-bit register for signal <RF<29><2>>.
    Found 1-bit register for signal <RF<29><1>>.
    Found 1-bit register for signal <RF<29><0>>.
    Found 1-bit register for signal <RF<28><31>>.
    Found 1-bit register for signal <RF<28><30>>.
    Found 1-bit register for signal <RF<28><29>>.
    Found 1-bit register for signal <RF<28><28>>.
    Found 1-bit register for signal <RF<28><27>>.
    Found 1-bit register for signal <RF<28><26>>.
    Found 1-bit register for signal <RF<28><25>>.
    Found 1-bit register for signal <RF<28><24>>.
    Found 1-bit register for signal <RF<28><23>>.
    Found 1-bit register for signal <RF<28><22>>.
    Found 1-bit register for signal <RF<28><21>>.
    Found 1-bit register for signal <RF<28><20>>.
    Found 1-bit register for signal <RF<28><19>>.
    Found 1-bit register for signal <RF<28><18>>.
    Found 1-bit register for signal <RF<28><17>>.
    Found 1-bit register for signal <RF<28><16>>.
    Found 1-bit register for signal <RF<28><15>>.
    Found 1-bit register for signal <RF<28><14>>.
    Found 1-bit register for signal <RF<28><13>>.
    Found 1-bit register for signal <RF<28><12>>.
    Found 1-bit register for signal <RF<28><11>>.
    Found 1-bit register for signal <RF<28><10>>.
    Found 1-bit register for signal <RF<28><9>>.
    Found 1-bit register for signal <RF<28><8>>.
    Found 1-bit register for signal <RF<28><7>>.
    Found 1-bit register for signal <RF<28><6>>.
    Found 1-bit register for signal <RF<28><5>>.
    Found 1-bit register for signal <RF<28><4>>.
    Found 1-bit register for signal <RF<28><3>>.
    Found 1-bit register for signal <RF<28><2>>.
    Found 1-bit register for signal <RF<28><1>>.
    Found 1-bit register for signal <RF<28><0>>.
    Found 1-bit register for signal <RF<27><31>>.
    Found 1-bit register for signal <RF<27><30>>.
    Found 1-bit register for signal <RF<27><29>>.
    Found 1-bit register for signal <RF<27><28>>.
    Found 1-bit register for signal <RF<27><27>>.
    Found 1-bit register for signal <RF<27><26>>.
    Found 1-bit register for signal <RF<27><25>>.
    Found 1-bit register for signal <RF<27><24>>.
    Found 1-bit register for signal <RF<27><23>>.
    Found 1-bit register for signal <RF<27><22>>.
    Found 1-bit register for signal <RF<27><21>>.
    Found 1-bit register for signal <RF<27><20>>.
    Found 1-bit register for signal <RF<27><19>>.
    Found 1-bit register for signal <RF<27><18>>.
    Found 1-bit register for signal <RF<27><17>>.
    Found 1-bit register for signal <RF<27><16>>.
    Found 1-bit register for signal <RF<27><15>>.
    Found 1-bit register for signal <RF<27><14>>.
    Found 1-bit register for signal <RF<27><13>>.
    Found 1-bit register for signal <RF<27><12>>.
    Found 1-bit register for signal <RF<27><11>>.
    Found 1-bit register for signal <RF<27><10>>.
    Found 1-bit register for signal <RF<27><9>>.
    Found 1-bit register for signal <RF<27><8>>.
    Found 1-bit register for signal <RF<27><7>>.
    Found 1-bit register for signal <RF<27><6>>.
    Found 1-bit register for signal <RF<27><5>>.
    Found 1-bit register for signal <RF<27><4>>.
    Found 1-bit register for signal <RF<27><3>>.
    Found 1-bit register for signal <RF<27><2>>.
    Found 1-bit register for signal <RF<27><1>>.
    Found 1-bit register for signal <RF<27><0>>.
    Found 1-bit register for signal <RF<26><31>>.
    Found 1-bit register for signal <RF<26><30>>.
    Found 1-bit register for signal <RF<26><29>>.
    Found 1-bit register for signal <RF<26><28>>.
    Found 1-bit register for signal <RF<26><27>>.
    Found 1-bit register for signal <RF<26><26>>.
    Found 1-bit register for signal <RF<26><25>>.
    Found 1-bit register for signal <RF<26><24>>.
    Found 1-bit register for signal <RF<26><23>>.
    Found 1-bit register for signal <RF<26><22>>.
    Found 1-bit register for signal <RF<26><21>>.
    Found 1-bit register for signal <RF<26><20>>.
    Found 1-bit register for signal <RF<26><19>>.
    Found 1-bit register for signal <RF<26><18>>.
    Found 1-bit register for signal <RF<26><17>>.
    Found 1-bit register for signal <RF<26><16>>.
    Found 1-bit register for signal <RF<26><15>>.
    Found 1-bit register for signal <RF<26><14>>.
    Found 1-bit register for signal <RF<26><13>>.
    Found 1-bit register for signal <RF<26><12>>.
    Found 1-bit register for signal <RF<26><11>>.
    Found 1-bit register for signal <RF<26><10>>.
    Found 1-bit register for signal <RF<26><9>>.
    Found 1-bit register for signal <RF<26><8>>.
    Found 1-bit register for signal <RF<26><7>>.
    Found 1-bit register for signal <RF<26><6>>.
    Found 1-bit register for signal <RF<26><5>>.
    Found 1-bit register for signal <RF<26><4>>.
    Found 1-bit register for signal <RF<26><3>>.
    Found 1-bit register for signal <RF<26><2>>.
    Found 1-bit register for signal <RF<26><1>>.
    Found 1-bit register for signal <RF<26><0>>.
    Found 1-bit register for signal <RF<25><31>>.
    Found 1-bit register for signal <RF<25><30>>.
    Found 1-bit register for signal <RF<25><29>>.
    Found 1-bit register for signal <RF<25><28>>.
    Found 1-bit register for signal <RF<25><27>>.
    Found 1-bit register for signal <RF<25><26>>.
    Found 1-bit register for signal <RF<25><25>>.
    Found 1-bit register for signal <RF<25><24>>.
    Found 1-bit register for signal <RF<25><23>>.
    Found 1-bit register for signal <RF<25><22>>.
    Found 1-bit register for signal <RF<25><21>>.
    Found 1-bit register for signal <RF<25><20>>.
    Found 1-bit register for signal <RF<25><19>>.
    Found 1-bit register for signal <RF<25><18>>.
    Found 1-bit register for signal <RF<25><17>>.
    Found 1-bit register for signal <RF<25><16>>.
    Found 1-bit register for signal <RF<25><15>>.
    Found 1-bit register for signal <RF<25><14>>.
    Found 1-bit register for signal <RF<25><13>>.
    Found 1-bit register for signal <RF<25><12>>.
    Found 1-bit register for signal <RF<25><11>>.
    Found 1-bit register for signal <RF<25><10>>.
    Found 1-bit register for signal <RF<25><9>>.
    Found 1-bit register for signal <RF<25><8>>.
    Found 1-bit register for signal <RF<25><7>>.
    Found 1-bit register for signal <RF<25><6>>.
    Found 1-bit register for signal <RF<25><5>>.
    Found 1-bit register for signal <RF<25><4>>.
    Found 1-bit register for signal <RF<25><3>>.
    Found 1-bit register for signal <RF<25><2>>.
    Found 1-bit register for signal <RF<25><1>>.
    Found 1-bit register for signal <RF<25><0>>.
    Found 1-bit register for signal <RF<24><31>>.
    Found 1-bit register for signal <RF<24><30>>.
    Found 1-bit register for signal <RF<24><29>>.
    Found 1-bit register for signal <RF<24><28>>.
    Found 1-bit register for signal <RF<24><27>>.
    Found 1-bit register for signal <RF<24><26>>.
    Found 1-bit register for signal <RF<24><25>>.
    Found 1-bit register for signal <RF<24><24>>.
    Found 1-bit register for signal <RF<24><23>>.
    Found 1-bit register for signal <RF<24><22>>.
    Found 1-bit register for signal <RF<24><21>>.
    Found 1-bit register for signal <RF<24><20>>.
    Found 1-bit register for signal <RF<24><19>>.
    Found 1-bit register for signal <RF<24><18>>.
    Found 1-bit register for signal <RF<24><17>>.
    Found 1-bit register for signal <RF<24><16>>.
    Found 1-bit register for signal <RF<24><15>>.
    Found 1-bit register for signal <RF<24><14>>.
    Found 1-bit register for signal <RF<24><13>>.
    Found 1-bit register for signal <RF<24><12>>.
    Found 1-bit register for signal <RF<24><11>>.
    Found 1-bit register for signal <RF<24><10>>.
    Found 1-bit register for signal <RF<24><9>>.
    Found 1-bit register for signal <RF<24><8>>.
    Found 1-bit register for signal <RF<24><7>>.
    Found 1-bit register for signal <RF<24><6>>.
    Found 1-bit register for signal <RF<24><5>>.
    Found 1-bit register for signal <RF<24><4>>.
    Found 1-bit register for signal <RF<24><3>>.
    Found 1-bit register for signal <RF<24><2>>.
    Found 1-bit register for signal <RF<24><1>>.
    Found 1-bit register for signal <RF<24><0>>.
    Found 1-bit register for signal <RF<23><31>>.
    Found 1-bit register for signal <RF<23><30>>.
    Found 1-bit register for signal <RF<23><29>>.
    Found 1-bit register for signal <RF<23><28>>.
    Found 1-bit register for signal <RF<23><27>>.
    Found 1-bit register for signal <RF<23><26>>.
    Found 1-bit register for signal <RF<23><25>>.
    Found 1-bit register for signal <RF<23><24>>.
    Found 1-bit register for signal <RF<23><23>>.
    Found 1-bit register for signal <RF<23><22>>.
    Found 1-bit register for signal <RF<23><21>>.
    Found 1-bit register for signal <RF<23><20>>.
    Found 1-bit register for signal <RF<23><19>>.
    Found 1-bit register for signal <RF<23><18>>.
    Found 1-bit register for signal <RF<23><17>>.
    Found 1-bit register for signal <RF<23><16>>.
    Found 1-bit register for signal <RF<23><15>>.
    Found 1-bit register for signal <RF<23><14>>.
    Found 1-bit register for signal <RF<23><13>>.
    Found 1-bit register for signal <RF<23><12>>.
    Found 1-bit register for signal <RF<23><11>>.
    Found 1-bit register for signal <RF<23><10>>.
    Found 1-bit register for signal <RF<23><9>>.
    Found 1-bit register for signal <RF<23><8>>.
    Found 1-bit register for signal <RF<23><7>>.
    Found 1-bit register for signal <RF<23><6>>.
    Found 1-bit register for signal <RF<23><5>>.
    Found 1-bit register for signal <RF<23><4>>.
    Found 1-bit register for signal <RF<23><3>>.
    Found 1-bit register for signal <RF<23><2>>.
    Found 1-bit register for signal <RF<23><1>>.
    Found 1-bit register for signal <RF<23><0>>.
    Found 1-bit register for signal <RF<22><31>>.
    Found 1-bit register for signal <RF<22><30>>.
    Found 1-bit register for signal <RF<22><29>>.
    Found 1-bit register for signal <RF<22><28>>.
    Found 1-bit register for signal <RF<22><27>>.
    Found 1-bit register for signal <RF<22><26>>.
    Found 1-bit register for signal <RF<22><25>>.
    Found 1-bit register for signal <RF<22><24>>.
    Found 1-bit register for signal <RF<22><23>>.
    Found 1-bit register for signal <RF<22><22>>.
    Found 1-bit register for signal <RF<22><21>>.
    Found 1-bit register for signal <RF<22><20>>.
    Found 1-bit register for signal <RF<22><19>>.
    Found 1-bit register for signal <RF<22><18>>.
    Found 1-bit register for signal <RF<22><17>>.
    Found 1-bit register for signal <RF<22><16>>.
    Found 1-bit register for signal <RF<22><15>>.
    Found 1-bit register for signal <RF<22><14>>.
    Found 1-bit register for signal <RF<22><13>>.
    Found 1-bit register for signal <RF<22><12>>.
    Found 1-bit register for signal <RF<22><11>>.
    Found 1-bit register for signal <RF<22><10>>.
    Found 1-bit register for signal <RF<22><9>>.
    Found 1-bit register for signal <RF<22><8>>.
    Found 1-bit register for signal <RF<22><7>>.
    Found 1-bit register for signal <RF<22><6>>.
    Found 1-bit register for signal <RF<22><5>>.
    Found 1-bit register for signal <RF<22><4>>.
    Found 1-bit register for signal <RF<22><3>>.
    Found 1-bit register for signal <RF<22><2>>.
    Found 1-bit register for signal <RF<22><1>>.
    Found 1-bit register for signal <RF<22><0>>.
    Found 1-bit register for signal <RF<21><31>>.
    Found 1-bit register for signal <RF<21><30>>.
    Found 1-bit register for signal <RF<21><29>>.
    Found 1-bit register for signal <RF<21><28>>.
    Found 1-bit register for signal <RF<21><27>>.
    Found 1-bit register for signal <RF<21><26>>.
    Found 1-bit register for signal <RF<21><25>>.
    Found 1-bit register for signal <RF<21><24>>.
    Found 1-bit register for signal <RF<21><23>>.
    Found 1-bit register for signal <RF<21><22>>.
    Found 1-bit register for signal <RF<21><21>>.
    Found 1-bit register for signal <RF<21><20>>.
    Found 1-bit register for signal <RF<21><19>>.
    Found 1-bit register for signal <RF<21><18>>.
    Found 1-bit register for signal <RF<21><17>>.
    Found 1-bit register for signal <RF<21><16>>.
    Found 1-bit register for signal <RF<21><15>>.
    Found 1-bit register for signal <RF<21><14>>.
    Found 1-bit register for signal <RF<21><13>>.
    Found 1-bit register for signal <RF<21><12>>.
    Found 1-bit register for signal <RF<21><11>>.
    Found 1-bit register for signal <RF<21><10>>.
    Found 1-bit register for signal <RF<21><9>>.
    Found 1-bit register for signal <RF<21><8>>.
    Found 1-bit register for signal <RF<21><7>>.
    Found 1-bit register for signal <RF<21><6>>.
    Found 1-bit register for signal <RF<21><5>>.
    Found 1-bit register for signal <RF<21><4>>.
    Found 1-bit register for signal <RF<21><3>>.
    Found 1-bit register for signal <RF<21><2>>.
    Found 1-bit register for signal <RF<21><1>>.
    Found 1-bit register for signal <RF<21><0>>.
    Found 1-bit register for signal <RF<20><31>>.
    Found 1-bit register for signal <RF<20><30>>.
    Found 1-bit register for signal <RF<20><29>>.
    Found 1-bit register for signal <RF<20><28>>.
    Found 1-bit register for signal <RF<20><27>>.
    Found 1-bit register for signal <RF<20><26>>.
    Found 1-bit register for signal <RF<20><25>>.
    Found 1-bit register for signal <RF<20><24>>.
    Found 1-bit register for signal <RF<20><23>>.
    Found 1-bit register for signal <RF<20><22>>.
    Found 1-bit register for signal <RF<20><21>>.
    Found 1-bit register for signal <RF<20><20>>.
    Found 1-bit register for signal <RF<20><19>>.
    Found 1-bit register for signal <RF<20><18>>.
    Found 1-bit register for signal <RF<20><17>>.
    Found 1-bit register for signal <RF<20><16>>.
    Found 1-bit register for signal <RF<20><15>>.
    Found 1-bit register for signal <RF<20><14>>.
    Found 1-bit register for signal <RF<20><13>>.
    Found 1-bit register for signal <RF<20><12>>.
    Found 1-bit register for signal <RF<20><11>>.
    Found 1-bit register for signal <RF<20><10>>.
    Found 1-bit register for signal <RF<20><9>>.
    Found 1-bit register for signal <RF<20><8>>.
    Found 1-bit register for signal <RF<20><7>>.
    Found 1-bit register for signal <RF<20><6>>.
    Found 1-bit register for signal <RF<20><5>>.
    Found 1-bit register for signal <RF<20><4>>.
    Found 1-bit register for signal <RF<20><3>>.
    Found 1-bit register for signal <RF<20><2>>.
    Found 1-bit register for signal <RF<20><1>>.
    Found 1-bit register for signal <RF<20><0>>.
    Found 1-bit register for signal <RF<19><31>>.
    Found 1-bit register for signal <RF<19><30>>.
    Found 1-bit register for signal <RF<19><29>>.
    Found 1-bit register for signal <RF<19><28>>.
    Found 1-bit register for signal <RF<19><27>>.
    Found 1-bit register for signal <RF<19><26>>.
    Found 1-bit register for signal <RF<19><25>>.
    Found 1-bit register for signal <RF<19><24>>.
    Found 1-bit register for signal <RF<19><23>>.
    Found 1-bit register for signal <RF<19><22>>.
    Found 1-bit register for signal <RF<19><21>>.
    Found 1-bit register for signal <RF<19><20>>.
    Found 1-bit register for signal <RF<19><19>>.
    Found 1-bit register for signal <RF<19><18>>.
    Found 1-bit register for signal <RF<19><17>>.
    Found 1-bit register for signal <RF<19><16>>.
    Found 1-bit register for signal <RF<19><15>>.
    Found 1-bit register for signal <RF<19><14>>.
    Found 1-bit register for signal <RF<19><13>>.
    Found 1-bit register for signal <RF<19><12>>.
    Found 1-bit register for signal <RF<19><11>>.
    Found 1-bit register for signal <RF<19><10>>.
    Found 1-bit register for signal <RF<19><9>>.
    Found 1-bit register for signal <RF<19><8>>.
    Found 1-bit register for signal <RF<19><7>>.
    Found 1-bit register for signal <RF<19><6>>.
    Found 1-bit register for signal <RF<19><5>>.
    Found 1-bit register for signal <RF<19><4>>.
    Found 1-bit register for signal <RF<19><3>>.
    Found 1-bit register for signal <RF<19><2>>.
    Found 1-bit register for signal <RF<19><1>>.
    Found 1-bit register for signal <RF<19><0>>.
    Found 1-bit register for signal <RF<18><31>>.
    Found 1-bit register for signal <RF<18><30>>.
    Found 1-bit register for signal <RF<18><29>>.
    Found 1-bit register for signal <RF<18><28>>.
    Found 1-bit register for signal <RF<18><27>>.
    Found 1-bit register for signal <RF<18><26>>.
    Found 1-bit register for signal <RF<18><25>>.
    Found 1-bit register for signal <RF<18><24>>.
    Found 1-bit register for signal <RF<18><23>>.
    Found 1-bit register for signal <RF<18><22>>.
    Found 1-bit register for signal <RF<18><21>>.
    Found 1-bit register for signal <RF<18><20>>.
    Found 1-bit register for signal <RF<18><19>>.
    Found 1-bit register for signal <RF<18><18>>.
    Found 1-bit register for signal <RF<18><17>>.
    Found 1-bit register for signal <RF<18><16>>.
    Found 1-bit register for signal <RF<18><15>>.
    Found 1-bit register for signal <RF<18><14>>.
    Found 1-bit register for signal <RF<18><13>>.
    Found 1-bit register for signal <RF<18><12>>.
    Found 1-bit register for signal <RF<18><11>>.
    Found 1-bit register for signal <RF<18><10>>.
    Found 1-bit register for signal <RF<18><9>>.
    Found 1-bit register for signal <RF<18><8>>.
    Found 1-bit register for signal <RF<18><7>>.
    Found 1-bit register for signal <RF<18><6>>.
    Found 1-bit register for signal <RF<18><5>>.
    Found 1-bit register for signal <RF<18><4>>.
    Found 1-bit register for signal <RF<18><3>>.
    Found 1-bit register for signal <RF<18><2>>.
    Found 1-bit register for signal <RF<18><1>>.
    Found 1-bit register for signal <RF<18><0>>.
    Found 1-bit register for signal <RF<17><31>>.
    Found 1-bit register for signal <RF<17><30>>.
    Found 1-bit register for signal <RF<17><29>>.
    Found 1-bit register for signal <RF<17><28>>.
    Found 1-bit register for signal <RF<17><27>>.
    Found 1-bit register for signal <RF<17><26>>.
    Found 1-bit register for signal <RF<17><25>>.
    Found 1-bit register for signal <RF<17><24>>.
    Found 1-bit register for signal <RF<17><23>>.
    Found 1-bit register for signal <RF<17><22>>.
    Found 1-bit register for signal <RF<17><21>>.
    Found 1-bit register for signal <RF<17><20>>.
    Found 1-bit register for signal <RF<17><19>>.
    Found 1-bit register for signal <RF<17><18>>.
    Found 1-bit register for signal <RF<17><17>>.
    Found 1-bit register for signal <RF<17><16>>.
    Found 1-bit register for signal <RF<17><15>>.
    Found 1-bit register for signal <RF<17><14>>.
    Found 1-bit register for signal <RF<17><13>>.
    Found 1-bit register for signal <RF<17><12>>.
    Found 1-bit register for signal <RF<17><11>>.
    Found 1-bit register for signal <RF<17><10>>.
    Found 1-bit register for signal <RF<17><9>>.
    Found 1-bit register for signal <RF<17><8>>.
    Found 1-bit register for signal <RF<17><7>>.
    Found 1-bit register for signal <RF<17><6>>.
    Found 1-bit register for signal <RF<17><5>>.
    Found 1-bit register for signal <RF<17><4>>.
    Found 1-bit register for signal <RF<17><3>>.
    Found 1-bit register for signal <RF<17><2>>.
    Found 1-bit register for signal <RF<17><1>>.
    Found 1-bit register for signal <RF<17><0>>.
    Found 1-bit register for signal <RF<16><31>>.
    Found 1-bit register for signal <RF<16><30>>.
    Found 1-bit register for signal <RF<16><29>>.
    Found 1-bit register for signal <RF<16><28>>.
    Found 1-bit register for signal <RF<16><27>>.
    Found 1-bit register for signal <RF<16><26>>.
    Found 1-bit register for signal <RF<16><25>>.
    Found 1-bit register for signal <RF<16><24>>.
    Found 1-bit register for signal <RF<16><23>>.
    Found 1-bit register for signal <RF<16><22>>.
    Found 1-bit register for signal <RF<16><21>>.
    Found 1-bit register for signal <RF<16><20>>.
    Found 1-bit register for signal <RF<16><19>>.
    Found 1-bit register for signal <RF<16><18>>.
    Found 1-bit register for signal <RF<16><17>>.
    Found 1-bit register for signal <RF<16><16>>.
    Found 1-bit register for signal <RF<16><15>>.
    Found 1-bit register for signal <RF<16><14>>.
    Found 1-bit register for signal <RF<16><13>>.
    Found 1-bit register for signal <RF<16><12>>.
    Found 1-bit register for signal <RF<16><11>>.
    Found 1-bit register for signal <RF<16><10>>.
    Found 1-bit register for signal <RF<16><9>>.
    Found 1-bit register for signal <RF<16><8>>.
    Found 1-bit register for signal <RF<16><7>>.
    Found 1-bit register for signal <RF<16><6>>.
    Found 1-bit register for signal <RF<16><5>>.
    Found 1-bit register for signal <RF<16><4>>.
    Found 1-bit register for signal <RF<16><3>>.
    Found 1-bit register for signal <RF<16><2>>.
    Found 1-bit register for signal <RF<16><1>>.
    Found 1-bit register for signal <RF<16><0>>.
    Found 1-bit register for signal <RF<15><31>>.
    Found 1-bit register for signal <RF<15><30>>.
    Found 1-bit register for signal <RF<15><29>>.
    Found 1-bit register for signal <RF<15><28>>.
    Found 1-bit register for signal <RF<15><27>>.
    Found 1-bit register for signal <RF<15><26>>.
    Found 1-bit register for signal <RF<15><25>>.
    Found 1-bit register for signal <RF<15><24>>.
    Found 1-bit register for signal <RF<15><23>>.
    Found 1-bit register for signal <RF<15><22>>.
    Found 1-bit register for signal <RF<15><21>>.
    Found 1-bit register for signal <RF<15><20>>.
    Found 1-bit register for signal <RF<15><19>>.
    Found 1-bit register for signal <RF<15><18>>.
    Found 1-bit register for signal <RF<15><17>>.
    Found 1-bit register for signal <RF<15><16>>.
    Found 1-bit register for signal <RF<15><15>>.
    Found 1-bit register for signal <RF<15><14>>.
    Found 1-bit register for signal <RF<15><13>>.
    Found 1-bit register for signal <RF<15><12>>.
    Found 1-bit register for signal <RF<15><11>>.
    Found 1-bit register for signal <RF<15><10>>.
    Found 1-bit register for signal <RF<15><9>>.
    Found 1-bit register for signal <RF<15><8>>.
    Found 1-bit register for signal <RF<15><7>>.
    Found 1-bit register for signal <RF<15><6>>.
    Found 1-bit register for signal <RF<15><5>>.
    Found 1-bit register for signal <RF<15><4>>.
    Found 1-bit register for signal <RF<15><3>>.
    Found 1-bit register for signal <RF<15><2>>.
    Found 1-bit register for signal <RF<15><1>>.
    Found 1-bit register for signal <RF<15><0>>.
    Found 1-bit register for signal <RF<14><31>>.
    Found 1-bit register for signal <RF<14><30>>.
    Found 1-bit register for signal <RF<14><29>>.
    Found 1-bit register for signal <RF<14><28>>.
    Found 1-bit register for signal <RF<14><27>>.
    Found 1-bit register for signal <RF<14><26>>.
    Found 1-bit register for signal <RF<14><25>>.
    Found 1-bit register for signal <RF<14><24>>.
    Found 1-bit register for signal <RF<14><23>>.
    Found 1-bit register for signal <RF<14><22>>.
    Found 1-bit register for signal <RF<14><21>>.
    Found 1-bit register for signal <RF<14><20>>.
    Found 1-bit register for signal <RF<14><19>>.
    Found 1-bit register for signal <RF<14><18>>.
    Found 1-bit register for signal <RF<14><17>>.
    Found 1-bit register for signal <RF<14><16>>.
    Found 1-bit register for signal <RF<14><15>>.
    Found 1-bit register for signal <RF<14><14>>.
    Found 1-bit register for signal <RF<14><13>>.
    Found 1-bit register for signal <RF<14><12>>.
    Found 1-bit register for signal <RF<14><11>>.
    Found 1-bit register for signal <RF<14><10>>.
    Found 1-bit register for signal <RF<14><9>>.
    Found 1-bit register for signal <RF<14><8>>.
    Found 1-bit register for signal <RF<14><7>>.
    Found 1-bit register for signal <RF<14><6>>.
    Found 1-bit register for signal <RF<14><5>>.
    Found 1-bit register for signal <RF<14><4>>.
    Found 1-bit register for signal <RF<14><3>>.
    Found 1-bit register for signal <RF<14><2>>.
    Found 1-bit register for signal <RF<14><1>>.
    Found 1-bit register for signal <RF<14><0>>.
    Found 1-bit register for signal <RF<13><31>>.
    Found 1-bit register for signal <RF<13><30>>.
    Found 1-bit register for signal <RF<13><29>>.
    Found 1-bit register for signal <RF<13><28>>.
    Found 1-bit register for signal <RF<13><27>>.
    Found 1-bit register for signal <RF<13><26>>.
    Found 1-bit register for signal <RF<13><25>>.
    Found 1-bit register for signal <RF<13><24>>.
    Found 1-bit register for signal <RF<13><23>>.
    Found 1-bit register for signal <RF<13><22>>.
    Found 1-bit register for signal <RF<13><21>>.
    Found 1-bit register for signal <RF<13><20>>.
    Found 1-bit register for signal <RF<13><19>>.
    Found 1-bit register for signal <RF<13><18>>.
    Found 1-bit register for signal <RF<13><17>>.
    Found 1-bit register for signal <RF<13><16>>.
    Found 1-bit register for signal <RF<13><15>>.
    Found 1-bit register for signal <RF<13><14>>.
    Found 1-bit register for signal <RF<13><13>>.
    Found 1-bit register for signal <RF<13><12>>.
    Found 1-bit register for signal <RF<13><11>>.
    Found 1-bit register for signal <RF<13><10>>.
    Found 1-bit register for signal <RF<13><9>>.
    Found 1-bit register for signal <RF<13><8>>.
    Found 1-bit register for signal <RF<13><7>>.
    Found 1-bit register for signal <RF<13><6>>.
    Found 1-bit register for signal <RF<13><5>>.
    Found 1-bit register for signal <RF<13><4>>.
    Found 1-bit register for signal <RF<13><3>>.
    Found 1-bit register for signal <RF<13><2>>.
    Found 1-bit register for signal <RF<13><1>>.
    Found 1-bit register for signal <RF<13><0>>.
    Found 1-bit register for signal <RF<12><31>>.
    Found 1-bit register for signal <RF<12><30>>.
    Found 1-bit register for signal <RF<12><29>>.
    Found 1-bit register for signal <RF<12><28>>.
    Found 1-bit register for signal <RF<12><27>>.
    Found 1-bit register for signal <RF<12><26>>.
    Found 1-bit register for signal <RF<12><25>>.
    Found 1-bit register for signal <RF<12><24>>.
    Found 1-bit register for signal <RF<12><23>>.
    Found 1-bit register for signal <RF<12><22>>.
    Found 1-bit register for signal <RF<12><21>>.
    Found 1-bit register for signal <RF<12><20>>.
    Found 1-bit register for signal <RF<12><19>>.
    Found 1-bit register for signal <RF<12><18>>.
    Found 1-bit register for signal <RF<12><17>>.
    Found 1-bit register for signal <RF<12><16>>.
    Found 1-bit register for signal <RF<12><15>>.
    Found 1-bit register for signal <RF<12><14>>.
    Found 1-bit register for signal <RF<12><13>>.
    Found 1-bit register for signal <RF<12><12>>.
    Found 1-bit register for signal <RF<12><11>>.
    Found 1-bit register for signal <RF<12><10>>.
    Found 1-bit register for signal <RF<12><9>>.
    Found 1-bit register for signal <RF<12><8>>.
    Found 1-bit register for signal <RF<12><7>>.
    Found 1-bit register for signal <RF<12><6>>.
    Found 1-bit register for signal <RF<12><5>>.
    Found 1-bit register for signal <RF<12><4>>.
    Found 1-bit register for signal <RF<12><3>>.
    Found 1-bit register for signal <RF<12><2>>.
    Found 1-bit register for signal <RF<12><1>>.
    Found 1-bit register for signal <RF<12><0>>.
    Found 1-bit register for signal <RF<11><31>>.
    Found 1-bit register for signal <RF<11><30>>.
    Found 1-bit register for signal <RF<11><29>>.
    Found 1-bit register for signal <RF<11><28>>.
    Found 1-bit register for signal <RF<11><27>>.
    Found 1-bit register for signal <RF<11><26>>.
    Found 1-bit register for signal <RF<11><25>>.
    Found 1-bit register for signal <RF<11><24>>.
    Found 1-bit register for signal <RF<11><23>>.
    Found 1-bit register for signal <RF<11><22>>.
    Found 1-bit register for signal <RF<11><21>>.
    Found 1-bit register for signal <RF<11><20>>.
    Found 1-bit register for signal <RF<11><19>>.
    Found 1-bit register for signal <RF<11><18>>.
    Found 1-bit register for signal <RF<11><17>>.
    Found 1-bit register for signal <RF<11><16>>.
    Found 1-bit register for signal <RF<11><15>>.
    Found 1-bit register for signal <RF<11><14>>.
    Found 1-bit register for signal <RF<11><13>>.
    Found 1-bit register for signal <RF<11><12>>.
    Found 1-bit register for signal <RF<11><11>>.
    Found 1-bit register for signal <RF<11><10>>.
    Found 1-bit register for signal <RF<11><9>>.
    Found 1-bit register for signal <RF<11><8>>.
    Found 1-bit register for signal <RF<11><7>>.
    Found 1-bit register for signal <RF<11><6>>.
    Found 1-bit register for signal <RF<11><5>>.
    Found 1-bit register for signal <RF<11><4>>.
    Found 1-bit register for signal <RF<11><3>>.
    Found 1-bit register for signal <RF<11><2>>.
    Found 1-bit register for signal <RF<11><1>>.
    Found 1-bit register for signal <RF<11><0>>.
    Found 1-bit register for signal <RF<10><31>>.
    Found 1-bit register for signal <RF<10><30>>.
    Found 1-bit register for signal <RF<10><29>>.
    Found 1-bit register for signal <RF<10><28>>.
    Found 1-bit register for signal <RF<10><27>>.
    Found 1-bit register for signal <RF<10><26>>.
    Found 1-bit register for signal <RF<10><25>>.
    Found 1-bit register for signal <RF<10><24>>.
    Found 1-bit register for signal <RF<10><23>>.
    Found 1-bit register for signal <RF<10><22>>.
    Found 1-bit register for signal <RF<10><21>>.
    Found 1-bit register for signal <RF<10><20>>.
    Found 1-bit register for signal <RF<10><19>>.
    Found 1-bit register for signal <RF<10><18>>.
    Found 1-bit register for signal <RF<10><17>>.
    Found 1-bit register for signal <RF<10><16>>.
    Found 1-bit register for signal <RF<10><15>>.
    Found 1-bit register for signal <RF<10><14>>.
    Found 1-bit register for signal <RF<10><13>>.
    Found 1-bit register for signal <RF<10><12>>.
    Found 1-bit register for signal <RF<10><11>>.
    Found 1-bit register for signal <RF<10><10>>.
    Found 1-bit register for signal <RF<10><9>>.
    Found 1-bit register for signal <RF<10><8>>.
    Found 1-bit register for signal <RF<10><7>>.
    Found 1-bit register for signal <RF<10><6>>.
    Found 1-bit register for signal <RF<10><5>>.
    Found 1-bit register for signal <RF<10><4>>.
    Found 1-bit register for signal <RF<10><3>>.
    Found 1-bit register for signal <RF<10><2>>.
    Found 1-bit register for signal <RF<10><1>>.
    Found 1-bit register for signal <RF<10><0>>.
    Found 1-bit register for signal <RF<9><31>>.
    Found 1-bit register for signal <RF<9><30>>.
    Found 1-bit register for signal <RF<9><29>>.
    Found 1-bit register for signal <RF<9><28>>.
    Found 1-bit register for signal <RF<9><27>>.
    Found 1-bit register for signal <RF<9><26>>.
    Found 1-bit register for signal <RF<9><25>>.
    Found 1-bit register for signal <RF<9><24>>.
    Found 1-bit register for signal <RF<9><23>>.
    Found 1-bit register for signal <RF<9><22>>.
    Found 1-bit register for signal <RF<9><21>>.
    Found 1-bit register for signal <RF<9><20>>.
    Found 1-bit register for signal <RF<9><19>>.
    Found 1-bit register for signal <RF<9><18>>.
    Found 1-bit register for signal <RF<9><17>>.
    Found 1-bit register for signal <RF<9><16>>.
    Found 1-bit register for signal <RF<9><15>>.
    Found 1-bit register for signal <RF<9><14>>.
    Found 1-bit register for signal <RF<9><13>>.
    Found 1-bit register for signal <RF<9><12>>.
    Found 1-bit register for signal <RF<9><11>>.
    Found 1-bit register for signal <RF<9><10>>.
    Found 1-bit register for signal <RF<9><9>>.
    Found 1-bit register for signal <RF<9><8>>.
    Found 1-bit register for signal <RF<9><7>>.
    Found 1-bit register for signal <RF<9><6>>.
    Found 1-bit register for signal <RF<9><5>>.
    Found 1-bit register for signal <RF<9><4>>.
    Found 1-bit register for signal <RF<9><3>>.
    Found 1-bit register for signal <RF<9><2>>.
    Found 1-bit register for signal <RF<9><1>>.
    Found 1-bit register for signal <RF<9><0>>.
    Found 1-bit register for signal <RF<8><31>>.
    Found 1-bit register for signal <RF<8><30>>.
    Found 1-bit register for signal <RF<8><29>>.
    Found 1-bit register for signal <RF<8><28>>.
    Found 1-bit register for signal <RF<8><27>>.
    Found 1-bit register for signal <RF<8><26>>.
    Found 1-bit register for signal <RF<8><25>>.
    Found 1-bit register for signal <RF<8><24>>.
    Found 1-bit register for signal <RF<8><23>>.
    Found 1-bit register for signal <RF<8><22>>.
    Found 1-bit register for signal <RF<8><21>>.
    Found 1-bit register for signal <RF<8><20>>.
    Found 1-bit register for signal <RF<8><19>>.
    Found 1-bit register for signal <RF<8><18>>.
    Found 1-bit register for signal <RF<8><17>>.
    Found 1-bit register for signal <RF<8><16>>.
    Found 1-bit register for signal <RF<8><15>>.
    Found 1-bit register for signal <RF<8><14>>.
    Found 1-bit register for signal <RF<8><13>>.
    Found 1-bit register for signal <RF<8><12>>.
    Found 1-bit register for signal <RF<8><11>>.
    Found 1-bit register for signal <RF<8><10>>.
    Found 1-bit register for signal <RF<8><9>>.
    Found 1-bit register for signal <RF<8><8>>.
    Found 1-bit register for signal <RF<8><7>>.
    Found 1-bit register for signal <RF<8><6>>.
    Found 1-bit register for signal <RF<8><5>>.
    Found 1-bit register for signal <RF<8><4>>.
    Found 1-bit register for signal <RF<8><3>>.
    Found 1-bit register for signal <RF<8><2>>.
    Found 1-bit register for signal <RF<8><1>>.
    Found 1-bit register for signal <RF<8><0>>.
    Found 1-bit register for signal <RF<7><31>>.
    Found 1-bit register for signal <RF<7><30>>.
    Found 1-bit register for signal <RF<7><29>>.
    Found 1-bit register for signal <RF<7><28>>.
    Found 1-bit register for signal <RF<7><27>>.
    Found 1-bit register for signal <RF<7><26>>.
    Found 1-bit register for signal <RF<7><25>>.
    Found 1-bit register for signal <RF<7><24>>.
    Found 1-bit register for signal <RF<7><23>>.
    Found 1-bit register for signal <RF<7><22>>.
    Found 1-bit register for signal <RF<7><21>>.
    Found 1-bit register for signal <RF<7><20>>.
    Found 1-bit register for signal <RF<7><19>>.
    Found 1-bit register for signal <RF<7><18>>.
    Found 1-bit register for signal <RF<7><17>>.
    Found 1-bit register for signal <RF<7><16>>.
    Found 1-bit register for signal <RF<7><15>>.
    Found 1-bit register for signal <RF<7><14>>.
    Found 1-bit register for signal <RF<7><13>>.
    Found 1-bit register for signal <RF<7><12>>.
    Found 1-bit register for signal <RF<7><11>>.
    Found 1-bit register for signal <RF<7><10>>.
    Found 1-bit register for signal <RF<7><9>>.
    Found 1-bit register for signal <RF<7><8>>.
    Found 1-bit register for signal <RF<7><7>>.
    Found 1-bit register for signal <RF<7><6>>.
    Found 1-bit register for signal <RF<7><5>>.
    Found 1-bit register for signal <RF<7><4>>.
    Found 1-bit register for signal <RF<7><3>>.
    Found 1-bit register for signal <RF<7><2>>.
    Found 1-bit register for signal <RF<7><1>>.
    Found 1-bit register for signal <RF<7><0>>.
    Found 1-bit register for signal <RF<6><31>>.
    Found 1-bit register for signal <RF<6><30>>.
    Found 1-bit register for signal <RF<6><29>>.
    Found 1-bit register for signal <RF<6><28>>.
    Found 1-bit register for signal <RF<6><27>>.
    Found 1-bit register for signal <RF<6><26>>.
    Found 1-bit register for signal <RF<6><25>>.
    Found 1-bit register for signal <RF<6><24>>.
    Found 1-bit register for signal <RF<6><23>>.
    Found 1-bit register for signal <RF<6><22>>.
    Found 1-bit register for signal <RF<6><21>>.
    Found 1-bit register for signal <RF<6><20>>.
    Found 1-bit register for signal <RF<6><19>>.
    Found 1-bit register for signal <RF<6><18>>.
    Found 1-bit register for signal <RF<6><17>>.
    Found 1-bit register for signal <RF<6><16>>.
    Found 1-bit register for signal <RF<6><15>>.
    Found 1-bit register for signal <RF<6><14>>.
    Found 1-bit register for signal <RF<6><13>>.
    Found 1-bit register for signal <RF<6><12>>.
    Found 1-bit register for signal <RF<6><11>>.
    Found 1-bit register for signal <RF<6><10>>.
    Found 1-bit register for signal <RF<6><9>>.
    Found 1-bit register for signal <RF<6><8>>.
    Found 1-bit register for signal <RF<6><7>>.
    Found 1-bit register for signal <RF<6><6>>.
    Found 1-bit register for signal <RF<6><5>>.
    Found 1-bit register for signal <RF<6><4>>.
    Found 1-bit register for signal <RF<6><3>>.
    Found 1-bit register for signal <RF<6><2>>.
    Found 1-bit register for signal <RF<6><1>>.
    Found 1-bit register for signal <RF<6><0>>.
    Found 1-bit register for signal <RF<5><31>>.
    Found 1-bit register for signal <RF<5><30>>.
    Found 1-bit register for signal <RF<5><29>>.
    Found 1-bit register for signal <RF<5><28>>.
    Found 1-bit register for signal <RF<5><27>>.
    Found 1-bit register for signal <RF<5><26>>.
    Found 1-bit register for signal <RF<5><25>>.
    Found 1-bit register for signal <RF<5><24>>.
    Found 1-bit register for signal <RF<5><23>>.
    Found 1-bit register for signal <RF<5><22>>.
    Found 1-bit register for signal <RF<5><21>>.
    Found 1-bit register for signal <RF<5><20>>.
    Found 1-bit register for signal <RF<5><19>>.
    Found 1-bit register for signal <RF<5><18>>.
    Found 1-bit register for signal <RF<5><17>>.
    Found 1-bit register for signal <RF<5><16>>.
    Found 1-bit register for signal <RF<5><15>>.
    Found 1-bit register for signal <RF<5><14>>.
    Found 1-bit register for signal <RF<5><13>>.
    Found 1-bit register for signal <RF<5><12>>.
    Found 1-bit register for signal <RF<5><11>>.
    Found 1-bit register for signal <RF<5><10>>.
    Found 1-bit register for signal <RF<5><9>>.
    Found 1-bit register for signal <RF<5><8>>.
    Found 1-bit register for signal <RF<5><7>>.
    Found 1-bit register for signal <RF<5><6>>.
    Found 1-bit register for signal <RF<5><5>>.
    Found 1-bit register for signal <RF<5><4>>.
    Found 1-bit register for signal <RF<5><3>>.
    Found 1-bit register for signal <RF<5><2>>.
    Found 1-bit register for signal <RF<5><1>>.
    Found 1-bit register for signal <RF<5><0>>.
    Found 1-bit register for signal <RF<4><31>>.
    Found 1-bit register for signal <RF<4><30>>.
    Found 1-bit register for signal <RF<4><29>>.
    Found 1-bit register for signal <RF<4><28>>.
    Found 1-bit register for signal <RF<4><27>>.
    Found 1-bit register for signal <RF<4><26>>.
    Found 1-bit register for signal <RF<4><25>>.
    Found 1-bit register for signal <RF<4><24>>.
    Found 1-bit register for signal <RF<4><23>>.
    Found 1-bit register for signal <RF<4><22>>.
    Found 1-bit register for signal <RF<4><21>>.
    Found 1-bit register for signal <RF<4><20>>.
    Found 1-bit register for signal <RF<4><19>>.
    Found 1-bit register for signal <RF<4><18>>.
    Found 1-bit register for signal <RF<4><17>>.
    Found 1-bit register for signal <RF<4><16>>.
    Found 1-bit register for signal <RF<4><15>>.
    Found 1-bit register for signal <RF<4><14>>.
    Found 1-bit register for signal <RF<4><13>>.
    Found 1-bit register for signal <RF<4><12>>.
    Found 1-bit register for signal <RF<4><11>>.
    Found 1-bit register for signal <RF<4><10>>.
    Found 1-bit register for signal <RF<4><9>>.
    Found 1-bit register for signal <RF<4><8>>.
    Found 1-bit register for signal <RF<4><7>>.
    Found 1-bit register for signal <RF<4><6>>.
    Found 1-bit register for signal <RF<4><5>>.
    Found 1-bit register for signal <RF<4><4>>.
    Found 1-bit register for signal <RF<4><3>>.
    Found 1-bit register for signal <RF<4><2>>.
    Found 1-bit register for signal <RF<4><1>>.
    Found 1-bit register for signal <RF<4><0>>.
    Found 1-bit register for signal <RF<3><31>>.
    Found 1-bit register for signal <RF<3><30>>.
    Found 1-bit register for signal <RF<3><29>>.
    Found 1-bit register for signal <RF<3><28>>.
    Found 1-bit register for signal <RF<3><27>>.
    Found 1-bit register for signal <RF<3><26>>.
    Found 1-bit register for signal <RF<3><25>>.
    Found 1-bit register for signal <RF<3><24>>.
    Found 1-bit register for signal <RF<3><23>>.
    Found 1-bit register for signal <RF<3><22>>.
    Found 1-bit register for signal <RF<3><21>>.
    Found 1-bit register for signal <RF<3><20>>.
    Found 1-bit register for signal <RF<3><19>>.
    Found 1-bit register for signal <RF<3><18>>.
    Found 1-bit register for signal <RF<3><17>>.
    Found 1-bit register for signal <RF<3><16>>.
    Found 1-bit register for signal <RF<3><15>>.
    Found 1-bit register for signal <RF<3><14>>.
    Found 1-bit register for signal <RF<3><13>>.
    Found 1-bit register for signal <RF<3><12>>.
    Found 1-bit register for signal <RF<3><11>>.
    Found 1-bit register for signal <RF<3><10>>.
    Found 1-bit register for signal <RF<3><9>>.
    Found 1-bit register for signal <RF<3><8>>.
    Found 1-bit register for signal <RF<3><7>>.
    Found 1-bit register for signal <RF<3><6>>.
    Found 1-bit register for signal <RF<3><5>>.
    Found 1-bit register for signal <RF<3><4>>.
    Found 1-bit register for signal <RF<3><3>>.
    Found 1-bit register for signal <RF<3><2>>.
    Found 1-bit register for signal <RF<3><1>>.
    Found 1-bit register for signal <RF<3><0>>.
    Found 1-bit register for signal <RF<2><31>>.
    Found 1-bit register for signal <RF<2><30>>.
    Found 1-bit register for signal <RF<2><29>>.
    Found 1-bit register for signal <RF<2><28>>.
    Found 1-bit register for signal <RF<2><27>>.
    Found 1-bit register for signal <RF<2><26>>.
    Found 1-bit register for signal <RF<2><25>>.
    Found 1-bit register for signal <RF<2><24>>.
    Found 1-bit register for signal <RF<2><23>>.
    Found 1-bit register for signal <RF<2><22>>.
    Found 1-bit register for signal <RF<2><21>>.
    Found 1-bit register for signal <RF<2><20>>.
    Found 1-bit register for signal <RF<2><19>>.
    Found 1-bit register for signal <RF<2><18>>.
    Found 1-bit register for signal <RF<2><17>>.
    Found 1-bit register for signal <RF<2><16>>.
    Found 1-bit register for signal <RF<2><15>>.
    Found 1-bit register for signal <RF<2><14>>.
    Found 1-bit register for signal <RF<2><13>>.
    Found 1-bit register for signal <RF<2><12>>.
    Found 1-bit register for signal <RF<2><11>>.
    Found 1-bit register for signal <RF<2><10>>.
    Found 1-bit register for signal <RF<2><9>>.
    Found 1-bit register for signal <RF<2><8>>.
    Found 1-bit register for signal <RF<2><7>>.
    Found 1-bit register for signal <RF<2><6>>.
    Found 1-bit register for signal <RF<2><5>>.
    Found 1-bit register for signal <RF<2><4>>.
    Found 1-bit register for signal <RF<2><3>>.
    Found 1-bit register for signal <RF<2><2>>.
    Found 1-bit register for signal <RF<2><1>>.
    Found 1-bit register for signal <RF<2><0>>.
    Found 1-bit register for signal <RF<1><31>>.
    Found 1-bit register for signal <RF<1><30>>.
    Found 1-bit register for signal <RF<1><29>>.
    Found 1-bit register for signal <RF<1><28>>.
    Found 1-bit register for signal <RF<1><27>>.
    Found 1-bit register for signal <RF<1><26>>.
    Found 1-bit register for signal <RF<1><25>>.
    Found 1-bit register for signal <RF<1><24>>.
    Found 1-bit register for signal <RF<1><23>>.
    Found 1-bit register for signal <RF<1><22>>.
    Found 1-bit register for signal <RF<1><21>>.
    Found 1-bit register for signal <RF<1><20>>.
    Found 1-bit register for signal <RF<1><19>>.
    Found 1-bit register for signal <RF<1><18>>.
    Found 1-bit register for signal <RF<1><17>>.
    Found 1-bit register for signal <RF<1><16>>.
    Found 1-bit register for signal <RF<1><15>>.
    Found 1-bit register for signal <RF<1><14>>.
    Found 1-bit register for signal <RF<1><13>>.
    Found 1-bit register for signal <RF<1><12>>.
    Found 1-bit register for signal <RF<1><11>>.
    Found 1-bit register for signal <RF<1><10>>.
    Found 1-bit register for signal <RF<1><9>>.
    Found 1-bit register for signal <RF<1><8>>.
    Found 1-bit register for signal <RF<1><7>>.
    Found 1-bit register for signal <RF<1><6>>.
    Found 1-bit register for signal <RF<1><5>>.
    Found 1-bit register for signal <RF<1><4>>.
    Found 1-bit register for signal <RF<1><3>>.
    Found 1-bit register for signal <RF<1><2>>.
    Found 1-bit register for signal <RF<1><1>>.
    Found 1-bit register for signal <RF<1><0>>.
    Found 1-bit register for signal <RF<31><31>>.
    Found 32-bit 32-to-1 multiplexer for signal <Data1> created at line 13.
    Found 32-bit 32-to-1 multiplexer for signal <Data2> created at line 14.
    WARNING:Xst:2404 -  FFs/Latches <RF<0><31><0:0>> (without init value) have a constant value of 0 in block <RegFile32>.
    WARNING:Xst:2404 -  FFs/Latches <RF<0><30><31:31>> (without init value) have a constant value of 0 in block <RegFile32>.
    WARNING:Xst:2404 -  FFs/Latches <RF<0><29><30:30>> (without init value) have a constant value of 0 in block <RegFile32>.
    WARNING:Xst:2404 -  FFs/Latches <RF<0><28><29:29>> (without init value) have a constant value of 0 in block <RegFile32>.
    WARNING:Xst:2404 -  FFs/Latches <RF<0><27><28:28>> (without init value) have a constant value of 0 in block <RegFile32>.
    WARNING:Xst:2404 -  FFs/Latches <RF<0><26><27:27>> (without init value) have a constant value of 0 in block <RegFile32>.
    WARNING:Xst:2404 -  FFs/Latches <RF<0><25><26:26>> (without init value) have a constant value of 0 in block <RegFile32>.
    WARNING:Xst:2404 -  FFs/Latches <RF<0><24><25:25>> (without init value) have a constant value of 0 in block <RegFile32>.
    WARNING:Xst:2404 -  FFs/Latches <RF<0><23><24:24>> (without init value) have a constant value of 0 in block <RegFile32>.
    WARNING:Xst:2404 -  FFs/Latches <RF<0><22><23:23>> (without init value) have a constant value of 0 in block <RegFile32>.
    WARNING:Xst:2404 -  FFs/Latches <RF<0><21><22:22>> (without init value) have a constant value of 0 in block <RegFile32>.
    WARNING:Xst:2404 -  FFs/Latches <RF<0><20><21:21>> (without init value) have a constant value of 0 in block <RegFile32>.
    WARNING:Xst:2404 -  FFs/Latches <RF<0><19><20:20>> (without init value) have a constant value of 0 in block <RegFile32>.
    WARNING:Xst:2404 -  FFs/Latches <RF<0><18><19:19>> (without init value) have a constant value of 0 in block <RegFile32>.
    WARNING:Xst:2404 -  FFs/Latches <RF<0><17><18:18>> (without init value) have a constant value of 0 in block <RegFile32>.
    WARNING:Xst:2404 -  FFs/Latches <RF<0><16><17:17>> (without init value) have a constant value of 0 in block <RegFile32>.
    WARNING:Xst:2404 -  FFs/Latches <RF<0><15><16:16>> (without init value) have a constant value of 0 in block <RegFile32>.
    WARNING:Xst:2404 -  FFs/Latches <RF<0><14><15:15>> (without init value) have a constant value of 0 in block <RegFile32>.
    WARNING:Xst:2404 -  FFs/Latches <RF<0><13><14:14>> (without init value) have a constant value of 0 in block <RegFile32>.
    WARNING:Xst:2404 -  FFs/Latches <RF<0><12><13:13>> (without init value) have a constant value of 0 in block <RegFile32>.
    WARNING:Xst:2404 -  FFs/Latches <RF<0><11><12:12>> (without init value) have a constant value of 0 in block <RegFile32>.
    WARNING:Xst:2404 -  FFs/Latches <RF<0><10><11:11>> (without init value) have a constant value of 0 in block <RegFile32>.
    WARNING:Xst:2404 -  FFs/Latches <RF<0><9><10:10>> (without init value) have a constant value of 0 in block <RegFile32>.
    WARNING:Xst:2404 -  FFs/Latches <RF<0><8><9:9>> (without init value) have a constant value of 0 in block <RegFile32>.
    WARNING:Xst:2404 -  FFs/Latches <RF<0><7><8:8>> (without init value) have a constant value of 0 in block <RegFile32>.
    WARNING:Xst:2404 -  FFs/Latches <RF<0><6><7:7>> (without init value) have a constant value of 0 in block <RegFile32>.
    WARNING:Xst:2404 -  FFs/Latches <RF<0><5><6:6>> (without init value) have a constant value of 0 in block <RegFile32>.
    WARNING:Xst:2404 -  FFs/Latches <RF<0><4><5:5>> (without init value) have a constant value of 0 in block <RegFile32>.
    WARNING:Xst:2404 -  FFs/Latches <RF<0><3><4:4>> (without init value) have a constant value of 0 in block <RegFile32>.
    WARNING:Xst:2404 -  FFs/Latches <RF<0><2><3:3>> (without init value) have a constant value of 0 in block <RegFile32>.
    WARNING:Xst:2404 -  FFs/Latches <RF<0><1><2:2>> (without init value) have a constant value of 0 in block <RegFile32>.
    WARNING:Xst:2404 -  FFs/Latches <RF<0><0><1:1>> (without init value) have a constant value of 0 in block <RegFile32>.
    Summary:
	inferred 992 D-type flip-flop(s).
	inferred   2 Multiplexer(s).
Unit <RegFile32> synthesized.

=========================================================================
HDL Synthesis Report

Macro Statistics
# Registers                                            : 31
 32-bit register                                       : 31
# Multiplexers                                         : 2
 32-bit 32-to-1 multiplexer                            : 2

=========================================================================

=========================================================================
*                       Advanced HDL Synthesis                          *
=========================================================================


=========================================================================
Advanced HDL Synthesis Report

Macro Statistics
# Registers                                            : 992
 Flip-Flops                                            : 992
# Multiplexers                                         : 64
 1-bit 32-to-1 multiplexer                             : 64

=========================================================================

=========================================================================
*                         Low Level Synthesis                           *
=========================================================================

Optimizing unit <RegFile32> ...

Mapping all equations...
Building and optimizing final netlist ...
Found area constraint ratio of 100 (+ 5) on block RegFile32, actual ratio is 2.

Final Macro Processing ...

=========================================================================
Final Register Report

Macro Statistics
# Registers                                            : 992
 Flip-Flops                                            : 992

=========================================================================

=========================================================================
*                           Partition Report                            *
=========================================================================

Partition Implementation Status
-------------------------------

  No Partitions were found in this design.

-------------------------------

=========================================================================
*                            Design Summary                             *
=========================================================================

Top Level Output File Name         : RegFile32.ngc

Primitive and Black Box Usage:
------------------------------
# BELS                             : 735
#      LUT5                        : 64
#      LUT6                        : 607
#      MUXF7                       : 64
# FlipFlops/Latches                : 992
#      FDE_1                       : 992
# Clock Buffers                    : 1
#      BUFGP                       : 1
# IO Buffers                       : 112
#      IBUF                        : 48
#      OBUF                        : 64

Device utilization summary:
---------------------------

Selected Device : 7a100tcsg324-3 


Slice Logic Utilization: 
 Number of Slice Registers:             992  out of  126800     0%  
 Number of Slice LUTs:                  671  out of  63400     1%  
    Number used as Logic:               671  out of  63400     1%  

Slice Logic Distribution: 
 Number of LUT Flip Flop pairs used:   1119
   Number with an unused Flip Flop:     127  out of   1119    11%  
   Number with an unused LUT:           448  out of   1119    40%  
   Number of fully used LUT-FF pairs:   544  out of   1119    48%  
   Number of unique control sets:        31

IO Utilization: 
 Number of IOs:                         113
 Number of bonded IOBs:                 113  out of    210    53%  

Specific Feature Utilization:
 Number of BUFG/BUFGCTRLs:                1  out of     32     3%  

---------------------------
Partition Resource Summary:
---------------------------

  No Partitions were found in this design.

---------------------------


=========================================================================
Timing Report

NOTE: THESE TIMING NUMBERS ARE ONLY A SYNTHESIS ESTIMATE.
      FOR ACCURATE TIMING INFORMATION PLEASE REFER TO THE TRACE REPORT
      GENERATED AFTER PLACE-and-ROUTE.

Clock Information:
------------------
-----------------------------------+------------------------+-------+
Clock Signal                       | Clock buffer(FF name)  | Load  |
-----------------------------------+------------------------+-------+
clock                              | BUFGP                  | 992   |
-----------------------------------+------------------------+-------+

Asynchronous Control Signals Information:
----------------------------------------
No asynchronous control signals found in this design

Timing Summary:
---------------
Speed Grade: -3

   Minimum period: No path found
   Minimum input arrival time before clock: 1.379ns
   Maximum output required time after clock: 2.233ns
   Maximum combinational path delay: 2.144ns

Timing Details:
---------------
All values displayed in nanoseconds (ns)

=========================================================================
Timing constraint: Default OFFSET IN BEFORE for Clock 'clock'
  Total number of paths / destination ports: 6944 / 1984
-------------------------------------------------------------------------
Offset:              1.379ns (Levels of Logic = 2)
  Source:            WriteReg<1> (PAD)
  Destination:       RF_0 (FF)
  Destination Clock: clock falling

  Data Path: WriteReg<1> to RF_0
                                Gate     Net
    Cell:in->out      fanout   Delay   Delay  Logical Name (Net Name)
    ----------------------------------------  ------------
     IBUF:I->O            31   0.001   0.800  WriteReg_1_IBUF (WriteReg_1_IBUF)
     LUT6:I0->O           32   0.097   0.386  _n6548_inv1 (_n6548_inv)
     FDE_1:CE                  0.095          RF_026
    ----------------------------------------
    Total                      1.379ns (0.193ns logic, 1.186ns route)
                                       (14.0% logic, 86.0% route)

=========================================================================
Timing constraint: Default OFFSET OUT AFTER for Clock 'clock'
  Total number of paths / destination ports: 1984 / 64
-------------------------------------------------------------------------
Offset:              2.233ns (Levels of Logic = 4)
  Source:            RF_315 (FF)
  Destination:       Data1<31> (PAD)
  Source Clock:      clock falling

  Data Path: RF_315 to Data1<31>
                                Gate     Net
    Cell:in->out      fanout   Delay   Delay  Logical Name (Net Name)
    ----------------------------------------  ------------
     FDE_1:C->Q            2   0.364   0.561  RF_315 (RF_315)
     LUT6:I2->O            1   0.097   0.556  mux24_81 (mux24_81)
     LUT6:I2->O            1   0.097   0.000  mux24_3 (mux24_3)
     MUXF7:I1->O           1   0.279   0.279  mux24_2_f7 (Data1_31_OBUF)
     OBUF:I->O                 0.000          Data1_31_OBUF (Data1<31>)
    ----------------------------------------
    Total                      2.233ns (0.837ns logic, 1.396ns route)
                                       (37.5% logic, 62.5% route)

=========================================================================
Timing constraint: Default path analysis
  Total number of paths / destination ports: 1344 / 64
-------------------------------------------------------------------------
Delay:               2.144ns (Levels of Logic = 5)
  Source:            Read1<1> (PAD)
  Destination:       Data1<31> (PAD)

  Data Path: Read1<1> to Data1<31>
                                Gate     Net
    Cell:in->out      fanout   Delay   Delay  Logical Name (Net Name)
    ----------------------------------------  ------------
     IBUF:I->O           256   0.001   0.834  Read1_1_IBUF (Read1_1_IBUF)
     LUT6:I0->O            1   0.097   0.556  mux_81 (mux_81)
     LUT6:I2->O            1   0.097   0.000  mux_3 (mux_3)
     MUXF7:I1->O           1   0.279   0.279  mux_2_f7 (Data1_0_OBUF)
     OBUF:I->O                 0.000          Data1_0_OBUF (Data1<0>)
    ----------------------------------------
    Total                      2.144ns (0.474ns logic, 1.670ns route)
                                       (22.1% logic, 77.9% route)

=========================================================================

Cross Clock Domains Report:
--------------------------

=========================================================================


Total REAL time to Xst completion: 15.00 secs
Total CPU time to Xst completion: 15.46 secs
 
--> 

Total memory usage is 495840 kilobytes

Number of errors   :    0 (   0 filtered)
Number of warnings :   32 (   0 filtered)
Number of infos    :    0 (   0 filtered)

